// Jest Snapshot v1, https://goo.gl/fbAQLP

exports[`Form renders correctly 1`] = `
ShallowWrapper {
  Symbol(enzyme.__root__): [Circular],
  Symbol(enzyme.__unrendered__): <Form />,
  Symbol(enzyme.__renderer__): Object {
    "batchedUpdates": [Function],
    "getNode": [Function],
    "render": [Function],
    "simulateError": [Function],
    "simulateEvent": [Function],
    "unmount": [Function],
  },
  Symbol(enzyme.__node__): Object {
    "instance": null,
    "key": undefined,
    "nodeType": "host",
    "props": Object {
      "children": Array [
        <label>
          How many players?
          <input
            id="players"
            max="52"
            min="2"
            name="inputPlayers"
            onChange={[Function]}
            type="number"
          />
        </label>,
        <label>
          How many cards per person?
          <input
            id="cards"
            max="52"
            min="1"
            name="inputCards"
            onChange={[Function]}
            type="number"
          />
        </label>,
        <input
          id="submit"
          type="submit"
          value="Play!"
        />,
      ],
      "onSubmit": [Function],
    },
    "ref": null,
    "rendered": Array [
      Object {
        "instance": null,
        "key": undefined,
        "nodeType": "host",
        "props": Object {
          "children": Array [
            "How many players?",
            <input
              id="players"
              max="52"
              min="2"
              name="inputPlayers"
              onChange={[Function]}
              type="number"
            />,
          ],
        },
        "ref": null,
        "rendered": Array [
          "How many players?",
          Object {
            "instance": null,
            "key": undefined,
            "nodeType": "host",
            "props": Object {
              "id": "players",
              "max": "52",
              "min": "2",
              "name": "inputPlayers",
              "onChange": [Function],
              "type": "number",
              "value": undefined,
            },
            "ref": null,
            "rendered": null,
            "type": "input",
          },
        ],
        "type": "label",
      },
      Object {
        "instance": null,
        "key": undefined,
        "nodeType": "host",
        "props": Object {
          "children": Array [
            "How many cards per person?",
            <input
              id="cards"
              max="52"
              min="1"
              name="inputCards"
              onChange={[Function]}
              type="number"
            />,
          ],
        },
        "ref": null,
        "rendered": Array [
          "How many cards per person?",
          Object {
            "instance": null,
            "key": undefined,
            "nodeType": "host",
            "props": Object {
              "id": "cards",
              "max": "52",
              "min": "1",
              "name": "inputCards",
              "onChange": [Function],
              "type": "number",
              "value": undefined,
            },
            "ref": null,
            "rendered": null,
            "type": "input",
          },
        ],
        "type": "label",
      },
      Object {
        "instance": null,
        "key": undefined,
        "nodeType": "host",
        "props": Object {
          "id": "submit",
          "type": "submit",
          "value": "Play!",
        },
        "ref": null,
        "rendered": null,
        "type": "input",
      },
    ],
    "type": "form",
  },
  Symbol(enzyme.__nodes__): Array [
    Object {
      "instance": null,
      "key": undefined,
      "nodeType": "host",
      "props": Object {
        "children": Array [
          <label>
            How many players?
            <input
              id="players"
              max="52"
              min="2"
              name="inputPlayers"
              onChange={[Function]}
              type="number"
            />
          </label>,
          <label>
            How many cards per person?
            <input
              id="cards"
              max="52"
              min="1"
              name="inputCards"
              onChange={[Function]}
              type="number"
            />
          </label>,
          <input
            id="submit"
            type="submit"
            value="Play!"
          />,
        ],
        "onSubmit": [Function],
      },
      "ref": null,
      "rendered": Array [
        Object {
          "instance": null,
          "key": undefined,
          "nodeType": "host",
          "props": Object {
            "children": Array [
              "How many players?",
              <input
                id="players"
                max="52"
                min="2"
                name="inputPlayers"
                onChange={[Function]}
                type="number"
              />,
            ],
          },
          "ref": null,
          "rendered": Array [
            "How many players?",
            Object {
              "instance": null,
              "key": undefined,
              "nodeType": "host",
              "props": Object {
                "id": "players",
                "max": "52",
                "min": "2",
                "name": "inputPlayers",
                "onChange": [Function],
                "type": "number",
                "value": undefined,
              },
              "ref": null,
              "rendered": null,
              "type": "input",
            },
          ],
          "type": "label",
        },
        Object {
          "instance": null,
          "key": undefined,
          "nodeType": "host",
          "props": Object {
            "children": Array [
              "How many cards per person?",
              <input
                id="cards"
                max="52"
                min="1"
                name="inputCards"
                onChange={[Function]}
                type="number"
              />,
            ],
          },
          "ref": null,
          "rendered": Array [
            "How many cards per person?",
            Object {
              "instance": null,
              "key": undefined,
              "nodeType": "host",
              "props": Object {
                "id": "cards",
                "max": "52",
                "min": "1",
                "name": "inputCards",
                "onChange": [Function],
                "type": "number",
                "value": undefined,
              },
              "ref": null,
              "rendered": null,
              "type": "input",
            },
          ],
          "type": "label",
        },
        Object {
          "instance": null,
          "key": undefined,
          "nodeType": "host",
          "props": Object {
            "id": "submit",
            "type": "submit",
            "value": "Play!",
          },
          "ref": null,
          "rendered": null,
          "type": "input",
        },
      ],
      "type": "form",
    },
  ],
  Symbol(enzyme.__options__): Object {
    "adapter": ReactSixteenAdapter {
      "options": Object {
        "enableComponentDidUpdateOnSetState": true,
        "lifecycles": Object {
          "componentDidUpdate": Object {
            "onSetState": true,
          },
          "getDerivedStateFromProps": true,
          "getSnapshotBeforeUpdate": true,
          "setState": Object {
            "skipsComponentDidUpdateOnNullish": true,
          },
        },
      },
    },
  },
}
`;
